[INFO] Scanning for projects...
[INFO] 
[INFO] ---------------------< com.nhom26:tutormanagement >---------------------
[INFO] Building  0.0.1-SNAPSHOT
[INFO]   from pom.xml
[INFO] --------------------------------[ jar ]---------------------------------
[INFO] 
[INFO] >>> spring-boot:4.0.6:run (default-cli) > test-compile @ tutormanagement >>>
[INFO] 
[INFO] --- resources:3.3.1:resources (default-resources) @ tutormanagement ---
[INFO] Copying 1 resource from src/main/resources to target/classes
[INFO] Copying 0 resource from src/main/resources to target/classes
[INFO] 
[INFO] --- compiler:3.14.1:compile (default-compile) @ tutormanagement ---
[INFO] Nothing to compile - all classes are up to date.
[INFO] 
[INFO] --- resources:3.3.1:testResources (default-testResources) @ tutormanagement ---
[INFO] skip non existing resourceDirectory /home/manhdev/Student/DAPM/BE/tutormanagement/src/test/resources
[INFO] 
[INFO] --- compiler:3.14.1:testCompile (default-testCompile) @ tutormanagement ---
[INFO] Nothing to compile - all classes are up to date.
[INFO] 
[INFO] <<< spring-boot:4.0.6:run (default-cli) < test-compile @ tutormanagement <<<
[INFO] 
[INFO] 
[INFO] --- spring-boot:4.0.6:run (default-cli) @ tutormanagement ---
[INFO] Attaching agents: []

  .   ____          _            __ _ _
 /\\ / ___'_ __ _ _(_)_ __  __ _ \ \ \ \
( ( )\___ | '_ | '_| | '_ \/ _` | \ \ \ \
 \\/  ___)| |_)| | | | | || (_| |  ) ) ) )
  '  |____| .__|_| |_|_| |_\__, | / / / /
 =========|_|==============|___/=/_/_/_/

 :: Spring Boot ::                (v4.0.6)

2026-05-25T14:13:10.232+07:00  INFO 62006 --- [tutormanagement] [  restartedMain] c.n.t.TutormanagementApplication         : Starting TutormanagementApplication using Java 26.0.1 with PID 62006 (/home/manhdev/Student/DAPM/BE/tutormanagement/target/classes started by manhdev in /home/manhdev/Student/DAPM/BE/tutormanagement)
2026-05-25T14:13:10.236+07:00  INFO 62006 --- [tutormanagement] [  restartedMain] c.n.t.TutormanagementApplication         : No active profile set, falling back to 1 default profile: "default"
2026-05-25T14:13:10.307+07:00  INFO 62006 --- [tutormanagement] [  restartedMain] .e.DevToolsPropertyDefaultsPostProcessor : Devtools property defaults active! Set 'spring.devtools.add-properties' to 'false' to disable
2026-05-25T14:13:10.308+07:00  INFO 62006 --- [tutormanagement] [  restartedMain] .e.DevToolsPropertyDefaultsPostProcessor : For additional web related logging consider setting the 'logging.level.web' property to 'DEBUG'
2026-05-25T14:13:11.250+07:00  INFO 62006 --- [tutormanagement] [  restartedMain] .s.d.r.c.RepositoryConfigurationDelegate : Bootstrapping Spring Data JPA repositories in DEFAULT mode.
2026-05-25T14:13:11.363+07:00  INFO 62006 --- [tutormanagement] [  restartedMain] .s.d.r.c.RepositoryConfigurationDelegate : Finished Spring Data repository scanning in 102 ms. Found 22 JPA repository interfaces.
2026-05-25T14:13:12.240+07:00  INFO 62006 --- [tutormanagement] [  restartedMain] o.s.boot.tomcat.TomcatWebServer          : Tomcat initialized with port 8080 (http)
2026-05-25T14:13:12.259+07:00  INFO 62006 --- [tutormanagement] [  restartedMain] o.apache.catalina.core.StandardService   : Starting service [Tomcat]
2026-05-25T14:13:12.260+07:00  INFO 62006 --- [tutormanagement] [  restartedMain] o.apache.catalina.core.StandardEngine    : Starting Servlet engine: [Apache Tomcat/11.0.21]
2026-05-25T14:13:12.302+07:00  INFO 62006 --- [tutormanagement] [  restartedMain] b.w.c.s.WebApplicationContextInitializer : Root WebApplicationContext: initialization completed in 1993 ms
2026-05-25T14:13:12.555+07:00  INFO 62006 --- [tutormanagement] [  restartedMain] org.hibernate.orm.jpa                    : HHH008540: Processing PersistenceUnitInfo [name: default]
2026-05-25T14:13:12.615+07:00  INFO 62006 --- [tutormanagement] [  restartedMain] org.hibernate.orm.core                   : HHH000001: Hibernate ORM core version 7.2.12.Final
2026-05-25T14:13:13.208+07:00  INFO 62006 --- [tutormanagement] [  restartedMain] o.s.o.j.p.SpringPersistenceUnitInfo      : No LoadTimeWeaver setup: ignoring JPA class transformer
2026-05-25T14:13:13.249+07:00  INFO 62006 --- [tutormanagement] [  restartedMain] com.zaxxer.hikari.HikariDataSource       : HikariPool-1 - Starting...
2026-05-25T14:13:13.704+07:00  INFO 62006 --- [tutormanagement] [  restartedMain] com.zaxxer.hikari.pool.HikariPool        : HikariPool-1 - Added connection ConnectionID:1 ClientConnectionId: e2ab666d-e423-47e1-a71c-5d2b8fe576a4
2026-05-25T14:13:13.706+07:00  INFO 62006 --- [tutormanagement] [  restartedMain] com.zaxxer.hikari.HikariDataSource       : HikariPool-1 - Start completed.
2026-05-25T14:13:13.800+07:00  INFO 62006 --- [tutormanagement] [  restartedMain] org.hibernate.orm.connections.pooling    : HHH10001005: Database info:
	Database JDBC URL [jdbc:sqlserver://localhost:1433;concatNullYieldsNull=ON;quotedIdentifier=ON;connectRetryInterval=10;connectRetryCount=1;maxResultBuffer=-1;sendTemporalDataTypesAsStringForBulkCopy=true;delayLoadingLobs=true;useFmtOnly=false;vectorTypeSupport=v1;cacheBulkCopyMetadata=false;bulkCopyForBatchInsertAllowEncryptedValueModifications=false;bulkCopyForBatchInsertTableLock=false;bulkCopyForBatchInsertKeepNulls=false;bulkCopyForBatchInsertKeepIdentity=false;bulkCopyForBatchInsertFireTriggers=false;bulkCopyForBatchInsertCheckConstraints=false;bulkCopyForBatchInsertBatchSize=0;useBulkCopyForBatchInsert=false;cancelQueryTimeout=-1;sslProtocol=TLS;calcBigDecimalPrecision=false;useDefaultJaasConfig=false;jaasConfigurationName=SQLJDBCDriver;statementPoolingCacheSize=0;serverPreparedStatementDiscardThreshold=10;enablePrepareOnFirstPreparedStatementCall=false;fips=false;socketTimeout=0;authentication=NotSpecified;authenticationScheme=nativeAuthentication;xopenStates=false;datetimeParameterType=datetime2;sendTimeAsDatetime=true;replication=false;trustStoreType=JKS;trustServerCertificate=true;TransparentNetworkIPResolution=true;iPAddressPreference=IPv4First;serverNameAsACE=false;sendStringParametersAsUnicode=true;selectMethod=direct;responseBuffering=adaptive;queryTimeout=-1;packetSize=8000;multiSubnetFailover=false;loginTimeout=30;lockTimeout=-1;lastUpdateCount=true;useDefaultGSSCredential=false;prepareMethod=prepexec;encrypt=true;disableStatementPooling=true;databaseName=QuanLyCungCapGiaSuDN;columnEncryptionSetting=Disabled;applicationName=Microsoft JDBC Driver for SQL Server;applicationIntent=readwrite;]
	Database driver: Microsoft JDBC Driver 13.2 for SQL Server
	Database dialect: SQLServerDialect
	Database version: 16.0
	Default catalog/schema: QuanLyCungCapGiaSuDN/dbo
	Autocommit mode: undefined/unknown
	Isolation level: READ_COMMITTED [default READ_COMMITTED]
	JDBC fetch size: 128
	Pool: DataSourceConnectionProvider
	Minimum pool size: undefined/unknown
	Maximum pool size: undefined/unknown
2026-05-25T14:13:15.534+07:00  INFO 62006 --- [tutormanagement] [  restartedMain] org.hibernate.orm.core                   : HHH000489: No JTA platform available (set 'hibernate.transaction.jta.platform' to enable JTA platform integration)
2026-05-25T14:13:15.544+07:00  INFO 62006 --- [tutormanagement] [  restartedMain] j.LocalContainerEntityManagerFactoryBean : Initialized JPA EntityManagerFactory for persistence unit 'default'
2026-05-25T14:13:15.650+07:00  INFO 62006 --- [tutormanagement] [  restartedMain] o.s.d.j.r.query.QueryEnhancerFactories   : Hibernate is in classpath; If applicable, HQL parser will be used.
2026-05-25T14:13:18.810+07:00  WARN 62006 --- [tutormanagement] [  restartedMain] JpaBaseConfiguration$JpaWebConfiguration : spring.jpa.open-in-view is enabled by default. Therefore, database queries may be performed during view rendering. Explicitly configure spring.jpa.open-in-view to disable this warning
2026-05-25T14:13:18.942+07:00  WARN 62006 --- [tutormanagement] [  restartedMain] .s.a.UserDetailsServiceAutoConfiguration : 

Using generated security password: a2d7228d-de36-4751-8d78-6c1363f20d92

This generated password is for development use only. Your security configuration must be updated before running your application in production.

2026-05-25T14:13:18.955+07:00  INFO 62006 --- [tutormanagement] [  restartedMain] r$InitializeUserDetailsManagerConfigurer : Global AuthenticationManager configured with UserDetailsService bean with name inMemoryUserDetailsManager
2026-05-25T14:13:19.814+07:00  WARN 62006 --- [tutormanagement] [  restartedMain] ConfigServletWebServerApplicationContext : Exception encountered during context initialization - cancelling refresh attempt: org.springframework.context.ApplicationContextException: Failed to start bean 'webServerStartStop'
2026-05-25T14:13:19.823+07:00  INFO 62006 --- [tutormanagement] [  restartedMain] j.LocalContainerEntityManagerFactoryBean : Closing JPA EntityManagerFactory for persistence unit 'default'
2026-05-25T14:13:19.827+07:00  INFO 62006 --- [tutormanagement] [  restartedMain] com.zaxxer.hikari.HikariDataSource       : HikariPool-1 - Shutdown initiated...
2026-05-25T14:13:19.833+07:00  INFO 62006 --- [tutormanagement] [  restartedMain] com.zaxxer.hikari.HikariDataSource       : HikariPool-1 - Shutdown completed.
2026-05-25T14:13:19.846+07:00  INFO 62006 --- [tutormanagement] [  restartedMain] .s.b.a.l.ConditionEvaluationReportLogger : 

Error starting ApplicationContext. To display the condition evaluation report re-run your application with 'debug' enabled.
2026-05-25T14:13:19.866+07:00 ERROR 62006 --- [tutormanagement] [  restartedMain] o.s.b.d.LoggingFailureAnalysisReporter   : 

***************************
APPLICATION FAILED TO START
***************************

Description:

Web server failed to start. Port 8080 was already in use.

Action:

Identify and stop the process that's listening on port 8080 or configure this application to listen on another port.

[INFO] ------------------------------------------------------------------------
[INFO] BUILD SUCCESS
[INFO] ------------------------------------------------------------------------
[INFO] Total time:  12.391 s
[INFO] Finished at: 2026-05-25T14:13:19+07:00
[INFO] ------------------------------------------------------------------------
